/******************************************************************
 *  $Id: types.map,v 1.2 2004/10/15 13:35:39 snowdrop Exp $
 *
 * CSOAP Project:  A SOAP client/server library in C
 * Copyright (C) 2003  Ferhat Ayaz
 *
 * This library is free software; you can redistribute it and/or
 * modify it under the terms of the GNU Library General Public
 * License as published by the Free Software Foundation; either
 * version 2 of the License, or (at your option) any later version.
 *
 * This library is distributed in the hope that it will be useful,
 * but WITHOUT ANY WARRANTY; without even the implied warranty of
 * MERCHANTABILITY or FITNESS FOR A PARTICULAR PURPOSE.  See the GNU
 * Library General Public License for more details.
 *
 * You should have received a copy of the GNU Library General Public
 * License along with this library; if not, write to the
 * Free Software Foundation, Inc., 59 Temple Place - Suite 330,
 * Boston, MA  02111-1307, USA.
 * 
 * Email: ayaz@jprogrammer.net
 ******************************************************************/
/*
XSD2C_MAPNS("string", "xsd_str")
XSD2C_MAPNS("integer", "xsd_int")
XSD2C_MAPNS("int", "xsd_int")
XSD2C_MAPNS("double", "xsd_double")
*/

XSD2C_MAPNS("ID", "char*")
XSD2C_MAPNS("IDREF", "char*")
XSD2C_MAPNS("IDREFS", "char*")
XSD2C_MAPNS("string", "char*")
XSD2C_MAPNS("integer", "int")
XSD2C_MAPNS("int", "int")
XSD2C_MAPNS("double", "double")
XSD2C_MAPNS("float", "float")
XSD2C_MAPNS("boolean", "int")
